// Jest Snapshot v1, https://goo.gl/fbAQLP

exports[`SINGLE LOG ENTRY PAGE 	Not Logged In redirects to / route 1`] = `
Array [
  <a
    className="siteTitle"
    href="/"
    onClick={[Function]}
  >
    <div
      aria-label="Home Icon"
      className="svg"
      role="img"
    />
    <h1>
      Vehicle Maintenance Log
    </h1>
  </a>,
  <div
    className="inner"
  >
    <div
      className="card guest__options"
    >
      <div
        className="button guest__option login guest__option__active"
        onClick={[Function]}
      >
        <h4>
          Login & View Your Maintenance Log
        </h4>
        <div
          aria-label="Login Icon"
          role="img"
        />
      </div>
      <div
        className="button guest__option register "
        onClick={[Function]}
      >
        <h4>
          Register & Start Your Maintenance Log
        </h4>
        <div
          aria-label="Register Icon"
          role="img"
        />
      </div>
    </div>
    <div
      className=""
    >
      <form
        className="card"
        method="POST"
        onSubmit={[Function]}
      >
        <h2>
          Login
        </h2>
        <label
          htmlFor="email"
        >
          Email Address
        </label>
        <input
          name="email"
          onChange={[Function]}
          placeholder="Enter email..."
          type="email"
          value=""
        />
        <label
          htmlFor="password"
        >
          Password
        </label>
        <input
          name="password"
          onChange={[Function]}
          placeholder="Enter password..."
          type="password"
          value=""
        />
        <input
          className="button"
          type="submit"
          value="Log In â†’"
        />
        <button
          className="button forgot__password__button"
          onClick={[Function]}
        >
          Forgot Your Password?
        </button>
      </form>
    </div>
  </div>,
]
`;
